// Jest Snapshot v1, https://goo.gl/fbAQLP

exports[`TestTranspiledToken issue + balanceOf + totalSupply + transfer: deploy consumed 1`] = `"8.193"`;

exports[`TestTranspiledToken issue + balanceOf + totalSupply + transfer: deploy cost 1`] = `"18.193"`;

exports[`TestTranspiledToken issue + balanceOf + totalSupply + transfer: transfer consume 1`] = `"6.399"`;

exports[`TestTranspiledToken issue + balanceOf + totalSupply + transfer: transfer cost 1`] = `"16.399"`;
